// Jest Snapshot v1, https://goo.gl/fbAQLP

exports[`OriginAccessIdentity should match the template snapshot 1`] = `
"Resources:
  OriginAccessIdentity:
    Type: 'AWS::CloudFront::CloudFrontOriginAccessIdentity'
    Properties:
      CloudFrontOriginAccessIdentityConfig:
        Comment: Cloud front user which will be allowed to access the site s3 bucket
"
`;
